Analysis & Synthesis report for LAB2
Mon Apr 15 21:54:23 2024
Quartus Prime Version 18.1.0 Build 625 09/12/2018 SJ Lite Edition


---------------------
; Table of Contents ;
---------------------
  1. Legal Notice
  2. Analysis & Synthesis Summary
  3. Analysis & Synthesis Settings
  4. Parallel Compilation
  5. Analysis & Synthesis Source Files Read
  6. Analysis & Synthesis Resource Usage Summary
  7. Analysis & Synthesis Resource Utilization by Entity
  8. General Register Statistics
  9. Post-Synthesis Netlist Statistics for Top Partition
 10. Elapsed Time Per Partition
 11. Analysis & Synthesis Messages



----------------
; Legal Notice ;
----------------
Copyright (C) 2018  Intel Corporation. All rights reserved.
Your use of Intel Corporation's design tools, logic functions 
and other software and tools, and its AMPP partner logic 
functions, and any output files from any of the foregoing 
(including device programming or simulation files), and any 
associated documentation or information are expressly subject 
to the terms and conditions of the Intel Program License 
Subscription Agreement, the Intel Quartus Prime License Agreement,
the Intel FPGA IP License Agreement, or other applicable license
agreement, including, without limitation, that your use is for
the sole purpose of programming logic devices manufactured by
Intel and sold by Intel or its authorized distributors.  Please
refer to the applicable agreement for further details.



+----------------------------------------------------------------------------------+
; Analysis & Synthesis Summary                                                     ;
+------------------------------------+---------------------------------------------+
; Analysis & Synthesis Status        ; Successful - Mon Apr 15 21:54:23 2024       ;
; Quartus Prime Version              ; 18.1.0 Build 625 09/12/2018 SJ Lite Edition ;
; Revision Name                      ; LAB2                                        ;
; Top-level Entity Name              ; LAB_3                                       ;
; Family                             ; Cyclone IV E                                ;
; Total logic elements               ; 119                                         ;
;     Total combinational functions  ; 112                                         ;
;     Dedicated logic registers      ; 78                                          ;
; Total registers                    ; 78                                          ;
; Total pins                         ; 19                                          ;
; Total virtual pins                 ; 0                                           ;
; Total memory bits                  ; 0                                           ;
; Embedded Multiplier 9-bit elements ; 0                                           ;
; Total PLLs                         ; 0                                           ;
+------------------------------------+---------------------------------------------+


+------------------------------------------------------------------------------------------------------------+
; Analysis & Synthesis Settings                                                                              ;
+------------------------------------------------------------------+--------------------+--------------------+
; Option                                                           ; Setting            ; Default Value      ;
+------------------------------------------------------------------+--------------------+--------------------+
; Device                                                           ; EP4CE6E22C8        ;                    ;
; Top-level entity name                                            ; LAB_3              ; LAB2               ;
; Family name                                                      ; Cyclone IV E       ; Cyclone V          ;
; Use smart compilation                                            ; Off                ; Off                ;
; Enable parallel Assembler and Timing Analyzer during compilation ; On                 ; On                 ;
; Enable compact report table                                      ; Off                ; Off                ;
; Restructure Multiplexers                                         ; Auto               ; Auto               ;
; Create Debugging Nodes for IP Cores                              ; Off                ; Off                ;
; Preserve fewer node names                                        ; On                 ; On                 ;
; Intel FPGA IP Evaluation Mode                                    ; Enable             ; Enable             ;
; Verilog Version                                                  ; Verilog_2001       ; Verilog_2001       ;
; VHDL Version                                                     ; VHDL_1993          ; VHDL_1993          ;
; State Machine Processing                                         ; Auto               ; Auto               ;
; Safe State Machine                                               ; Off                ; Off                ;
; Extract Verilog State Machines                                   ; On                 ; On                 ;
; Extract VHDL State Machines                                      ; On                 ; On                 ;
; Ignore Verilog initial constructs                                ; Off                ; Off                ;
; Iteration limit for constant Verilog loops                       ; 5000               ; 5000               ;
; Iteration limit for non-constant Verilog loops                   ; 250                ; 250                ;
; Add Pass-Through Logic to Inferred RAMs                          ; On                 ; On                 ;
; Infer RAMs from Raw Logic                                        ; On                 ; On                 ;
; Parallel Synthesis                                               ; On                 ; On                 ;
; DSP Block Balancing                                              ; Auto               ; Auto               ;
; NOT Gate Push-Back                                               ; On                 ; On                 ;
; Power-Up Don't Care                                              ; On                 ; On                 ;
; Remove Redundant Logic Cells                                     ; Off                ; Off                ;
; Remove Duplicate Registers                                       ; On                 ; On                 ;
; Ignore CARRY Buffers                                             ; Off                ; Off                ;
; Ignore CASCADE Buffers                                           ; Off                ; Off                ;
; Ignore GLOBAL Buffers                                            ; Off                ; Off                ;
; Ignore ROW GLOBAL Buffers                                        ; Off                ; Off                ;
; Ignore LCELL Buffers                                             ; Off                ; Off                ;
; Ignore SOFT Buffers                                              ; On                 ; On                 ;
; Limit AHDL Integers to 32 Bits                                   ; Off                ; Off                ;
; Optimization Technique                                           ; Balanced           ; Balanced           ;
; Carry Chain Length                                               ; 70                 ; 70                 ;
; Auto Carry Chains                                                ; On                 ; On                 ;
; Auto Open-Drain Pins                                             ; On                 ; On                 ;
; Perform WYSIWYG Primitive Resynthesis                            ; Off                ; Off                ;
; Auto ROM Replacement                                             ; On                 ; On                 ;
; Auto RAM Replacement                                             ; On                 ; On                 ;
; Auto DSP Block Replacement                                       ; On                 ; On                 ;
; Auto Shift Register Replacement                                  ; Auto               ; Auto               ;
; Allow Shift Register Merging across Hierarchies                  ; Auto               ; Auto               ;
; Auto Clock Enable Replacement                                    ; On                 ; On                 ;
; Strict RAM Replacement                                           ; Off                ; Off                ;
; Allow Synchronous Control Signals                                ; On                 ; On                 ;
; Force Use of Synchronous Clear Signals                           ; Off                ; Off                ;
; Auto RAM Block Balancing                                         ; On                 ; On                 ;
; Auto RAM to Logic Cell Conversion                                ; Off                ; Off                ;
; Auto Resource Sharing                                            ; Off                ; Off                ;
; Allow Any RAM Size For Recognition                               ; Off                ; Off                ;
; Allow Any ROM Size For Recognition                               ; Off                ; Off                ;
; Allow Any Shift Register Size For Recognition                    ; Off                ; Off                ;
; Use LogicLock Constraints during Resource Balancing              ; On                 ; On                 ;
; Ignore translate_off and synthesis_off directives                ; Off                ; Off                ;
; Timing-Driven Synthesis                                          ; On                 ; On                 ;
; Report Parameter Settings                                        ; On                 ; On                 ;
; Report Source Assignments                                        ; On                 ; On                 ;
; Report Connectivity Checks                                       ; On                 ; On                 ;
; Ignore Maximum Fan-Out Assignments                               ; Off                ; Off                ;
; Synchronization Register Chain Length                            ; 2                  ; 2                  ;
; Power Optimization During Synthesis                              ; Normal compilation ; Normal compilation ;
; HDL message level                                                ; Level2             ; Level2             ;
; Suppress Register Optimization Related Messages                  ; Off                ; Off                ;
; Number of Removed Registers Reported in Synthesis Report         ; 5000               ; 5000               ;
; Number of Swept Nodes Reported in Synthesis Report               ; 5000               ; 5000               ;
; Number of Inverted Registers Reported in Synthesis Report        ; 100                ; 100                ;
; Clock MUX Protection                                             ; On                 ; On                 ;
; Auto Gated Clock Conversion                                      ; Off                ; Off                ;
; Block Design Naming                                              ; Auto               ; Auto               ;
; SDC constraint protection                                        ; Off                ; Off                ;
; Synthesis Effort                                                 ; Auto               ; Auto               ;
; Shift Register Replacement - Allow Asynchronous Clear Signal     ; On                 ; On                 ;
; Pre-Mapping Resynthesis Optimization                             ; Off                ; Off                ;
; Analysis & Synthesis Message Level                               ; Medium             ; Medium             ;
; Disable Register Merging Across Hierarchies                      ; Auto               ; Auto               ;
; Resource Aware Inference For Block RAM                           ; On                 ; On                 ;
+------------------------------------------------------------------+--------------------+--------------------+


+------------------------------------------+
; Parallel Compilation                     ;
+----------------------------+-------------+
; Processors                 ; Number      ;
+----------------------------+-------------+
; Number detected on machine ; 12          ;
; Maximum allowed            ; 12          ;
;                            ;             ;
; Average used               ; 1.00        ;
; Maximum used               ; 12          ;
;                            ;             ;
; Usage by Processor         ; % Time Used ;
;     Processor 1            ; 100.0%      ;
;     Processor 2            ;   0.0%      ;
;     Processors 3-12        ;   0.0%      ;
+----------------------------+-------------+


+----------------------------------------------------------------------------------------------------------------------------------------------+
; Analysis & Synthesis Source Files Read                                                                                                       ;
+----------------------------------+-----------------+------------------------------------+------------------------------------------+---------+
; File Name with User-Entered Path ; Used in Netlist ; File Type                          ; File Name with Absolute Path             ; Library ;
+----------------------------------+-----------------+------------------------------------+------------------------------------------+---------+
; SEG_A.bdf                        ; yes             ; User Block Diagram/Schematic File  ; G:/LAB2/SEG_A.bdf                        ;         ;
; SEG_B.bdf                        ; yes             ; User Block Diagram/Schematic File  ; G:/LAB2/SEG_B.bdf                        ;         ;
; SEG_C.bdf                        ; yes             ; User Block Diagram/Schematic File  ; G:/LAB2/SEG_C.bdf                        ;         ;
; SEG_D.bdf                        ; yes             ; User Block Diagram/Schematic File  ; G:/LAB2/SEG_D.bdf                        ;         ;
; SEG_E.bdf                        ; yes             ; User Block Diagram/Schematic File  ; G:/LAB2/SEG_E.bdf                        ;         ;
; SEG_F.bdf                        ; yes             ; User Block Diagram/Schematic File  ; G:/LAB2/SEG_F.bdf                        ;         ;
; SEG_G.bdf                        ; yes             ; User Block Diagram/Schematic File  ; G:/LAB2/SEG_G.bdf                        ;         ;
; HEX2SSD.bdf                      ; yes             ; User Block Diagram/Schematic File  ; G:/LAB2/HEX2SSD.bdf                      ;         ;
; Four_To_One_Multiplexer.bdf      ; yes             ; User Block Diagram/Schematic File  ; G:/LAB2/Four_To_One_Multiplexer.bdf      ;         ;
; Quad_Four_To_One_Multiplexer.bdf ; yes             ; User Block Diagram/Schematic File  ; G:/LAB2/Quad_Four_To_One_Multiplexer.bdf ;         ;
; 12Hz_Clock.bdf                   ; yes             ; User Block Diagram/Schematic File  ; G:/LAB2/12Hz_Clock.bdf                   ;         ;
; Sequence_Slower.bdf              ; yes             ; User Block Diagram/Schematic File  ; G:/LAB2/Sequence_Slower.bdf              ;         ;
; LAB_3.bdf                        ; yes             ; User Block Diagram/Schematic File  ; G:/LAB2/LAB_3.bdf                        ;         ;
; 48Hz_Clock.bdf                   ; yes             ; User Block Diagram/Schematic File  ; G:/LAB2/48Hz_Clock.bdf                   ;         ;
; Two_Bit_Decoder.bdf              ; yes             ; User Block Diagram/Schematic File  ; G:/LAB2/Two_Bit_Decoder.bdf              ;         ;
; BCD_Counter.bdf                  ; yes             ; User Block Diagram/Schematic File  ; G:/LAB2/BCD_Counter.bdf                  ;         ;
; Clock_Cycle_Counter.bdf          ; yes             ; User Block Diagram/Schematic File  ; G:/LAB2/Clock_Cycle_Counter.bdf          ;         ;
; Sequence_Recognizer.bdf          ; yes             ; User Block Diagram/Schematic File  ; G:/LAB2/Sequence_Recognizer.bdf          ;         ;
; debouncer.bdf                    ; yes             ; User Block Diagram/Schematic File  ; G:/LAB2/debouncer.bdf                    ;         ;
; pattern_recognizer.bdf           ; yes             ; User Block Diagram/Schematic File  ; G:/LAB2/pattern_recognizer.bdf           ;         ;
; Two_To_One_Mux.bdf               ; yes             ; User Block Diagram/Schematic File  ; G:/LAB2/Two_To_One_Mux.bdf               ;         ;
; Sixteen_To_Eight_Mux.bdf         ; yes             ; User Block Diagram/Schematic File  ; G:/LAB2/Sixteen_To_Eight_Mux.bdf         ;         ;
; 12Hz_Clock_New.bdf               ; yes             ; User Block Diagram/Schematic File  ; G:/LAB2/12Hz_Clock_New.bdf               ;         ;
; 100Hz_clock_vtwo.bdf             ; yes             ; User Block Diagram/Schematic File  ; G:/LAB2/100Hz_clock_vtwo.bdf             ;         ;
+----------------------------------+-----------------+------------------------------------+------------------------------------------+---------+


+--------------------------------------------------------------------------------+
; Analysis & Synthesis Resource Usage Summary                                    ;
+---------------------------------------------+----------------------------------+
; Resource                                    ; Usage                            ;
+---------------------------------------------+----------------------------------+
; Estimated Total logic elements              ; 119                              ;
;                                             ;                                  ;
; Total combinational functions               ; 112                              ;
; Logic element usage by number of LUT inputs ;                                  ;
;     -- 4 input functions                    ; 35                               ;
;     -- 3 input functions                    ; 15                               ;
;     -- <=2 input functions                  ; 62                               ;
;                                             ;                                  ;
; Logic elements by mode                      ;                                  ;
;     -- normal mode                          ; 112                              ;
;     -- arithmetic mode                      ; 0                                ;
;                                             ;                                  ;
; Total registers                             ; 78                               ;
;     -- Dedicated logic registers            ; 78                               ;
;     -- I/O registers                        ; 0                                ;
;                                             ;                                  ;
; I/O pins                                    ; 19                               ;
;                                             ;                                  ;
; Embedded Multiplier 9-bit elements          ; 0                                ;
;                                             ;                                  ;
; Maximum fan-out node                        ; Clock_Cycle_Counter:inst5|inst42 ;
; Maximum fan-out                             ; 16                               ;
; Total fan-out                               ; 460                              ;
; Average fan-out                             ; 2.02                             ;
+---------------------------------------------+----------------------------------+


+--------------------------------------------------------------------------------------------------------------------------------------------------------------------------------------------------------------------------------------------------------------------------------------------+
; Analysis & Synthesis Resource Utilization by Entity                                                                                                                                                                                                                                        ;
+-----------------------------------------+---------------------+---------------------------+-------------+--------------+---------+-----------+------+--------------+-------------------------------------------------------------------------+------------------------------+--------------+
; Compilation Hierarchy Node              ; Combinational ALUTs ; Dedicated Logic Registers ; Memory Bits ; DSP Elements ; DSP 9x9 ; DSP 18x18 ; Pins ; Virtual Pins ; Full Hierarchy Name                                                     ; Entity Name                  ; Library Name ;
+-----------------------------------------+---------------------+---------------------------+-------------+--------------+---------+-----------+------+--------------+-------------------------------------------------------------------------+------------------------------+--------------+
; |LAB_3                                  ; 112 (2)             ; 78 (0)                    ; 0           ; 0            ; 0       ; 0         ; 19   ; 0            ; |LAB_3                                                                  ; LAB_3                        ; work         ;
;    |100Hz_clock_vtwo:inst22|            ; 19 (19)             ; 19 (19)                   ; 0           ; 0            ; 0       ; 0         ; 0    ; 0            ; |LAB_3|100Hz_clock_vtwo:inst22                                          ; 100Hz_clock_vtwo             ; work         ;
;    |12Hz_Clock_New:inst6|               ; 12 (12)             ; 12 (12)                   ; 0           ; 0            ; 0       ; 0         ; 0    ; 0            ; |LAB_3|12Hz_Clock_New:inst6                                             ; 12Hz_Clock_New               ; work         ;
;    |Clock_Cycle_Counter:inst5|          ; 24 (8)              ; 16 (0)                    ; 0           ; 0            ; 0       ; 0         ; 0    ; 0            ; |LAB_3|Clock_Cycle_Counter:inst5                                        ; Clock_Cycle_Counter          ; work         ;
;       |BCD_Counter:inst1|               ; 4 (4)               ; 4 (4)                     ; 0           ; 0            ; 0       ; 0         ; 0    ; 0            ; |LAB_3|Clock_Cycle_Counter:inst5|BCD_Counter:inst1                      ; BCD_Counter                  ; work         ;
;       |BCD_Counter:inst2|               ; 4 (4)               ; 4 (4)                     ; 0           ; 0            ; 0       ; 0         ; 0    ; 0            ; |LAB_3|Clock_Cycle_Counter:inst5|BCD_Counter:inst2                      ; BCD_Counter                  ; work         ;
;       |BCD_Counter:inst3|               ; 4 (4)               ; 4 (4)                     ; 0           ; 0            ; 0       ; 0         ; 0    ; 0            ; |LAB_3|Clock_Cycle_Counter:inst5|BCD_Counter:inst3                      ; BCD_Counter                  ; work         ;
;       |BCD_Counter:inst|                ; 4 (4)               ; 4 (4)                     ; 0           ; 0            ; 0       ; 0         ; 0    ; 0            ; |LAB_3|Clock_Cycle_Counter:inst5|BCD_Counter:inst                       ; BCD_Counter                  ; work         ;
;    |HEX2SSD:inst4|                      ; 7 (0)               ; 0 (0)                     ; 0           ; 0            ; 0       ; 0         ; 0    ; 0            ; |LAB_3|HEX2SSD:inst4                                                    ; HEX2SSD                      ; work         ;
;       |SEG_A:inst|                      ; 1 (1)               ; 0 (0)                     ; 0           ; 0            ; 0       ; 0         ; 0    ; 0            ; |LAB_3|HEX2SSD:inst4|SEG_A:inst                                         ; SEG_A                        ; work         ;
;       |SEG_B:inst7|                     ; 1 (1)               ; 0 (0)                     ; 0           ; 0            ; 0       ; 0         ; 0    ; 0            ; |LAB_3|HEX2SSD:inst4|SEG_B:inst7                                        ; SEG_B                        ; work         ;
;       |SEG_C:inst8|                     ; 1 (1)               ; 0 (0)                     ; 0           ; 0            ; 0       ; 0         ; 0    ; 0            ; |LAB_3|HEX2SSD:inst4|SEG_C:inst8                                        ; SEG_C                        ; work         ;
;       |SEG_D:inst9|                     ; 1 (1)               ; 0 (0)                     ; 0           ; 0            ; 0       ; 0         ; 0    ; 0            ; |LAB_3|HEX2SSD:inst4|SEG_D:inst9                                        ; SEG_D                        ; work         ;
;       |SEG_E:inst10|                    ; 1 (1)               ; 0 (0)                     ; 0           ; 0            ; 0       ; 0         ; 0    ; 0            ; |LAB_3|HEX2SSD:inst4|SEG_E:inst10                                       ; SEG_E                        ; work         ;
;       |SEG_F:inst11|                    ; 1 (1)               ; 0 (0)                     ; 0           ; 0            ; 0       ; 0         ; 0    ; 0            ; |LAB_3|HEX2SSD:inst4|SEG_F:inst11                                       ; SEG_F                        ; work         ;
;       |SEG_G:inst12|                    ; 1 (1)               ; 0 (0)                     ; 0           ; 0            ; 0       ; 0         ; 0    ; 0            ; |LAB_3|HEX2SSD:inst4|SEG_G:inst12                                       ; SEG_G                        ; work         ;
;    |Quad_Four_To_One_Multiplexer:inst3| ; 17 (0)              ; 0 (0)                     ; 0           ; 0            ; 0       ; 0         ; 0    ; 0            ; |LAB_3|Quad_Four_To_One_Multiplexer:inst3                               ; Quad_Four_To_One_Multiplexer ; work         ;
;       |Four_To_One_Multiplexer:inst2|   ; 5 (5)               ; 0 (0)                     ; 0           ; 0            ; 0       ; 0         ; 0    ; 0            ; |LAB_3|Quad_Four_To_One_Multiplexer:inst3|Four_To_One_Multiplexer:inst2 ; Four_To_One_Multiplexer      ; work         ;
;       |Four_To_One_Multiplexer:inst3|   ; 4 (4)               ; 0 (0)                     ; 0           ; 0            ; 0       ; 0         ; 0    ; 0            ; |LAB_3|Quad_Four_To_One_Multiplexer:inst3|Four_To_One_Multiplexer:inst3 ; Four_To_One_Multiplexer      ; work         ;
;       |Four_To_One_Multiplexer:inst4|   ; 3 (3)               ; 0 (0)                     ; 0           ; 0            ; 0       ; 0         ; 0    ; 0            ; |LAB_3|Quad_Four_To_One_Multiplexer:inst3|Four_To_One_Multiplexer:inst4 ; Four_To_One_Multiplexer      ; work         ;
;       |Four_To_One_Multiplexer:inst|    ; 5 (5)               ; 0 (0)                     ; 0           ; 0            ; 0       ; 0         ; 0    ; 0            ; |LAB_3|Quad_Four_To_One_Multiplexer:inst3|Four_To_One_Multiplexer:inst  ; Four_To_One_Multiplexer      ; work         ;
;    |Sequence_Recognizer:inst18|         ; 4 (4)               ; 3 (3)                     ; 0           ; 0            ; 0       ; 0         ; 0    ; 0            ; |LAB_3|Sequence_Recognizer:inst18                                       ; Sequence_Recognizer          ; work         ;
;    |Sequence_Slower:inst24|             ; 20 (2)              ; 20 (2)                    ; 0           ; 0            ; 0       ; 0         ; 0    ; 0            ; |LAB_3|Sequence_Slower:inst24                                           ; Sequence_Slower              ; work         ;
;       |12Hz_Clock:inst1|                ; 8 (8)               ; 8 (8)                     ; 0           ; 0            ; 0       ; 0         ; 0    ; 0            ; |LAB_3|Sequence_Slower:inst24|12Hz_Clock:inst1                          ; 12Hz_Clock                   ; work         ;
;       |48Hz_Clock:inst|                 ; 10 (10)             ; 10 (10)                   ; 0           ; 0            ; 0       ; 0         ; 0    ; 0            ; |LAB_3|Sequence_Slower:inst24|48Hz_Clock:inst                           ; 48Hz_Clock                   ; work         ;
;    |Two_Bit_Decoder:inst2|              ; 4 (4)               ; 0 (0)                     ; 0           ; 0            ; 0       ; 0         ; 0    ; 0            ; |LAB_3|Two_Bit_Decoder:inst2                                            ; Two_Bit_Decoder              ; work         ;
;    |debouncer:inst20|                   ; 2 (2)               ; 4 (4)                     ; 0           ; 0            ; 0       ; 0         ; 0    ; 0            ; |LAB_3|debouncer:inst20                                                 ; debouncer                    ; work         ;
;    |debouncer:inst21|                   ; 1 (1)               ; 4 (4)                     ; 0           ; 0            ; 0       ; 0         ; 0    ; 0            ; |LAB_3|debouncer:inst21                                                 ; debouncer                    ; work         ;
+-----------------------------------------+---------------------+---------------------------+-------------+--------------+---------+-----------+------+--------------+-------------------------------------------------------------------------+------------------------------+--------------+
Note: For table entries with two numbers listed, the numbers in parentheses indicate the number of resources of the given type used by the specific entity alone. The numbers listed outside of parentheses indicate the total resources of the given type used by the specific entity and all of its sub-entities in the hierarchy.


+------------------------------------------------------+
; General Register Statistics                          ;
+----------------------------------------------+-------+
; Statistic                                    ; Value ;
+----------------------------------------------+-------+
; Total registers                              ; 78    ;
; Number of registers using Synchronous Clear  ; 0     ;
; Number of registers using Synchronous Load   ; 0     ;
; Number of registers using Asynchronous Clear ; 19    ;
; Number of registers using Asynchronous Load  ; 0     ;
; Number of registers using Clock Enable       ; 0     ;
; Number of registers using Preset             ; 0     ;
+----------------------------------------------+-------+


+-----------------------------------------------------+
; Post-Synthesis Netlist Statistics for Top Partition ;
+-----------------------+-----------------------------+
; Type                  ; Count                       ;
+-----------------------+-----------------------------+
; boundary_port         ; 19                          ;
; cycloneiii_ff         ; 78                          ;
;     CLR               ; 19                          ;
;     plain             ; 59                          ;
; cycloneiii_lcell_comb ; 123                         ;
;     normal            ; 123                         ;
;         0 data inputs ; 1                           ;
;         1 data inputs ; 66                          ;
;         2 data inputs ; 6                           ;
;         3 data inputs ; 15                          ;
;         4 data inputs ; 35                          ;
;                       ;                             ;
; Max LUT depth         ; 5.00                        ;
; Average LUT depth     ; 2.07                        ;
+-----------------------+-----------------------------+


+-------------------------------+
; Elapsed Time Per Partition    ;
+----------------+--------------+
; Partition Name ; Elapsed Time ;
+----------------+--------------+
; Top            ; 00:00:00     ;
+----------------+--------------+


+-------------------------------+
; Analysis & Synthesis Messages ;
+-------------------------------+
Info: *******************************************************************
Info: Running Quartus Prime Analysis & Synthesis
    Info: Version 18.1.0 Build 625 09/12/2018 SJ Lite Edition
    Info: Processing started: Mon Apr 15 21:54:08 2024
Info: Command: quartus_map --read_settings_files=on --write_settings_files=off LAB2 -c LAB2
Warning (18236): Number of processors has not been specified which may cause overloading on shared machines.  Set the global assignment NUM_PARALLEL_PROCESSORS in your QSF to an appropriate value for best performance.
Info (20030): Parallel compilation is enabled and will use 12 of the 12 processors detected
Info (12021): Found 1 design units, including 1 entities, in source file seg_a.bdf
    Info (12023): Found entity 1: SEG_A
Info (12021): Found 1 design units, including 1 entities, in source file seg_b.bdf
    Info (12023): Found entity 1: SEG_B
Info (12021): Found 1 design units, including 1 entities, in source file seg_c.bdf
    Info (12023): Found entity 1: SEG_C
Info (12021): Found 1 design units, including 1 entities, in source file seg_d.bdf
    Info (12023): Found entity 1: SEG_D
Info (12021): Found 1 design units, including 1 entities, in source file seg_e.bdf
    Info (12023): Found entity 1: SEG_E
Info (12021): Found 1 design units, including 1 entities, in source file seg_f.bdf
    Info (12023): Found entity 1: SEG_F
Info (12021): Found 1 design units, including 1 entities, in source file seg_g.bdf
    Info (12023): Found entity 1: SEG_G
Info (12021): Found 1 design units, including 1 entities, in source file hex2ssd.bdf
    Info (12023): Found entity 1: HEX2SSD
Info (12021): Found 1 design units, including 1 entities, in source file four_to_one_multiplexer.bdf
    Info (12023): Found entity 1: Four_To_One_Multiplexer
Info (12021): Found 1 design units, including 1 entities, in source file quad_four_to_one_multiplexer.bdf
    Info (12023): Found entity 1: Quad_Four_To_One_Multiplexer
Warning (12019): Can't analyze file -- file 2_Bit_Decoder.bdf is missing
Info (12021): Found 1 design units, including 1 entities, in source file 12hz_clock.bdf
    Info (12023): Found entity 1: 12Hz_Clock
Info (12021): Found 1 design units, including 1 entities, in source file sequence_slower.bdf
    Info (12023): Found entity 1: Sequence_Slower
Info (12021): Found 1 design units, including 1 entities, in source file lab_3.bdf
    Info (12023): Found entity 1: LAB_3
Info (12021): Found 1 design units, including 1 entities, in source file 48hz_clock.bdf
    Info (12023): Found entity 1: 48Hz_Clock
Info (12021): Found 1 design units, including 1 entities, in source file two_bit_decoder.bdf
    Info (12023): Found entity 1: Two_Bit_Decoder
Info (12021): Found 1 design units, including 1 entities, in source file bcd_counter.bdf
    Info (12023): Found entity 1: BCD_Counter
Info (12021): Found 1 design units, including 1 entities, in source file clock_cycle_counter.bdf
    Info (12023): Found entity 1: Clock_Cycle_Counter
Info (12021): Found 1 design units, including 1 entities, in source file sequence_recognizer.bdf
    Info (12023): Found entity 1: Sequence_Recognizer
Info (12021): Found 1 design units, including 1 entities, in source file debouncer.bdf
    Info (12023): Found entity 1: debouncer
Info (12021): Found 1 design units, including 1 entities, in source file pattern_recognizer.bdf
    Info (12023): Found entity 1: pattern_recognizer
Info (12021): Found 1 design units, including 1 entities, in source file two_to_one_mux.bdf
    Info (12023): Found entity 1: Two_To_One_Mux
Info (12021): Found 1 design units, including 1 entities, in source file sixteen_to_eight_mux.bdf
    Info (12023): Found entity 1: Sixteen_To_Eight_Mux
Info (12021): Found 1 design units, including 1 entities, in source file 12hz_clock_new.bdf
    Info (12023): Found entity 1: 12Hz_Clock_New
Info (12021): Found 1 design units, including 1 entities, in source file sequence_vtwo.bdf
    Info (12023): Found entity 1: sequence_vtwo
Info (12021): Found 1 design units, including 1 entities, in source file 100hz_clock_vtwo.bdf
    Info (12023): Found entity 1: 100Hz_clock_vtwo
Info (12127): Elaborating entity "LAB_3" for the top level hierarchy
Warning (275011): Block or symbol "NOT" of instance "inst14" overlaps another block or symbol
Info (12128): Elaborating entity "Two_Bit_Decoder" for hierarchy "Two_Bit_Decoder:inst2"
Info (12128): Elaborating entity "Sequence_Slower" for hierarchy "Sequence_Slower:inst24"
Info (12128): Elaborating entity "48Hz_Clock" for hierarchy "Sequence_Slower:inst24|48Hz_Clock:inst"
Info (12128): Elaborating entity "12Hz_Clock" for hierarchy "Sequence_Slower:inst24|12Hz_Clock:inst1"
Info (12128): Elaborating entity "HEX2SSD" for hierarchy "HEX2SSD:inst4"
Info (12128): Elaborating entity "SEG_A" for hierarchy "HEX2SSD:inst4|SEG_A:inst"
Info (12128): Elaborating entity "SEG_B" for hierarchy "HEX2SSD:inst4|SEG_B:inst7"
Warning (275011): Block or symbol "OR6" of instance "inst6" overlaps another block or symbol
Info (12128): Elaborating entity "SEG_C" for hierarchy "HEX2SSD:inst4|SEG_C:inst8"
Info (12128): Elaborating entity "SEG_D" for hierarchy "HEX2SSD:inst4|SEG_D:inst9"
Info (12128): Elaborating entity "SEG_E" for hierarchy "HEX2SSD:inst4|SEG_E:inst10"
Info (12128): Elaborating entity "SEG_F" for hierarchy "HEX2SSD:inst4|SEG_F:inst11"
Info (12128): Elaborating entity "SEG_G" for hierarchy "HEX2SSD:inst4|SEG_G:inst12"
Info (12128): Elaborating entity "Quad_Four_To_One_Multiplexer" for hierarchy "Quad_Four_To_One_Multiplexer:inst3"
Info (12128): Elaborating entity "Four_To_One_Multiplexer" for hierarchy "Quad_Four_To_One_Multiplexer:inst3|Four_To_One_Multiplexer:inst"
Info (12128): Elaborating entity "Sixteen_To_Eight_Mux" for hierarchy "Sixteen_To_Eight_Mux:inst"
Warning (275011): Block or symbol "Two_To_One_Mux" of instance "inst" overlaps another block or symbol
Warning (275043): Pin "Y0" is missing source
Info (12128): Elaborating entity "Two_To_One_Mux" for hierarchy "Sixteen_To_Eight_Mux:inst|Two_To_One_Mux:inst"
Info (12128): Elaborating entity "pattern_recognizer" for hierarchy "pattern_recognizer:inst28"
Info (12128): Elaborating entity "Sequence_Recognizer" for hierarchy "Sequence_Recognizer:inst18"
Info (12128): Elaborating entity "debouncer" for hierarchy "debouncer:inst20"
Info (12128): Elaborating entity "12Hz_Clock_New" for hierarchy "12Hz_Clock_New:inst6"
Info (12128): Elaborating entity "Clock_Cycle_Counter" for hierarchy "Clock_Cycle_Counter:inst5"
Warning (275011): Block or symbol "AND4" of instance "inst7" overlaps another block or symbol
Info (12128): Elaborating entity "BCD_Counter" for hierarchy "Clock_Cycle_Counter:inst5|BCD_Counter:inst"
Info (12128): Elaborating entity "100Hz_clock_vtwo" for hierarchy "100Hz_clock_vtwo:inst22"
Warning (13024): Output pins are stuck at VCC or GND
    Warning (13410): Pin "LED4" is stuck at GND
    Warning (13410): Pin "LED3" is stuck at GND
Info (286030): Timing-Driven Synthesis is running
Info (16010): Generating hard_block partition "hard_block:auto_generated_inst"
    Info (16011): Adding 0 node(s), including 0 DDIO, 0 PLL, 0 transceiver and 0 LCELL
Info (21057): Implemented 138 device resources after synthesis - the final resource count might be different
    Info (21058): Implemented 4 input pins
    Info (21059): Implemented 15 output pins
    Info (21061): Implemented 119 logic cells
Info: Quartus Prime Analysis & Synthesis was successful. 0 errors, 10 warnings
    Info: Peak virtual memory: 4820 megabytes
    Info: Processing ended: Mon Apr 15 21:54:24 2024
    Info: Elapsed time: 00:00:16
    Info: Total CPU time (on all processors): 00:00:11


